2025-11-27 16:29:27,875 - BEGIN (implicit)
2025-11-27 16:29:27,875 - PRAGMA main.table_info("users")
2025-11-27 16:29:27,876 - [raw sql] ()
2025-11-27 16:29:27,877 - PRAGMA main.table_info("posts")
2025-11-27 16:29:27,877 - [raw sql] ()
2025-11-27 16:29:27,878 - COMMIT
2025-11-27 16:29:28,516 - BEGIN (implicit)
2025-11-27 16:29:28,517 - PRAGMA main.table_info("users")
2025-11-27 16:29:28,517 - [raw sql] ()
2025-11-27 16:29:28,518 - PRAGMA main.table_info("posts")
2025-11-27 16:29:28,519 - [raw sql] ()
2025-11-27 16:29:28,519 - COMMIT
2025-11-27 16:40:42,446 - BEGIN (implicit)
2025-11-27 16:40:42,447 - PRAGMA main.table_info("users")
2025-11-27 16:40:42,447 - [raw sql] ()
2025-11-27 16:40:42,448 - PRAGMA main.table_info("posts")
2025-11-27 16:40:42,462 - [raw sql] ()
2025-11-27 16:40:42,463 - COMMIT
2025-11-27 16:40:43,224 - BEGIN (implicit)
2025-11-27 16:40:43,224 - PRAGMA main.table_info("users")
2025-11-27 16:40:43,225 - [raw sql] ()
2025-11-27 16:40:43,226 - PRAGMA main.table_info("posts")
2025-11-27 16:40:43,226 - [raw sql] ()
2025-11-27 16:40:43,227 - COMMIT
2025-11-27 16:43:37,795 - BEGIN (implicit)
2025-11-27 16:43:37,795 - PRAGMA main.table_info("users")
2025-11-27 16:43:37,795 - [raw sql] ()
2025-11-27 16:43:37,796 - PRAGMA main.table_info("posts")
2025-11-27 16:43:37,797 - [raw sql] ()
2025-11-27 16:43:37,797 - COMMIT
2025-11-27 16:43:41,144 - BEGIN (implicit)
2025-11-27 16:43:41,144 - PRAGMA main.table_info("users")
2025-11-27 16:43:41,145 - [raw sql] ()
2025-11-27 16:43:41,145 - PRAGMA main.table_info("posts")
2025-11-27 16:43:41,146 - [raw sql] ()
2025-11-27 16:43:41,147 - COMMIT
2025-11-27 16:44:48,415 - BEGIN (implicit)
2025-11-27 16:44:48,417 - INSERT INTO users (name) VALUES (?)
2025-11-27 16:44:48,418 - [generated in 0.00063s] ('New User',)
2025-11-27 16:44:48,419 - COMMIT
2025-11-27 16:45:22,555 - BEGIN (implicit)
2025-11-27 16:45:22,556 - PRAGMA main.table_info("users")
2025-11-27 16:45:22,556 - [raw sql] ()
2025-11-27 16:45:22,557 - PRAGMA main.table_info("posts")
2025-11-27 16:45:22,557 - [raw sql] ()
2025-11-27 16:45:22,558 - COMMIT
2025-11-27 16:45:23,141 - BEGIN (implicit)
2025-11-27 16:45:23,142 - PRAGMA main.table_info("users")
2025-11-27 16:45:23,142 - [raw sql] ()
2025-11-27 16:45:23,143 - PRAGMA main.table_info("posts")
2025-11-27 16:45:23,143 - [raw sql] ()
2025-11-27 16:45:23,144 - COMMIT
2025-11-27 16:47:44,091 - BEGIN (implicit)
2025-11-27 16:47:44,092 - INSERT INTO users (name) VALUES (?)
2025-11-27 16:47:44,093 - [generated in 0.00054s] ('New User',)
2025-11-27 16:47:44,094 - COMMIT
2025-11-27 16:48:18,557 - BEGIN (implicit)
2025-11-27 16:48:18,558 - INSERT INTO users (name) VALUES (?)
2025-11-27 16:48:18,559 - [cached since 34.47s ago] ('New User',)
2025-11-27 16:48:18,560 - COMMIT
2025-11-27 16:49:55,359 - BEGIN (implicit)
2025-11-27 16:49:55,359 - PRAGMA main.table_info("users")
2025-11-27 16:49:55,360 - [raw sql] ()
2025-11-27 16:49:55,361 - PRAGMA main.table_info("posts")
2025-11-27 16:49:55,361 - [raw sql] ()
2025-11-27 16:49:55,361 - COMMIT
2025-11-27 16:49:59,747 - BEGIN (implicit)
2025-11-27 16:49:59,748 - INSERT INTO users (name) VALUES (?)
2025-11-27 16:49:59,749 - [generated in 0.00055s] ('New User',)
2025-11-27 16:49:59,751 - COMMIT
2025-11-27 16:49:59,756 - BEGIN (implicit)
2025-11-27 16:49:59,758 - SELECT users.id AS users_id, users.name AS users_name 
FROM users 
WHERE users.id = ?
2025-11-27 16:49:59,759 - [generated in 0.00142s] (9,)
2025-11-27 16:49:59,762 - INSERT INTO posts (title, user_id) VALUES (?, ?) RETURNING id
2025-11-27 16:49:59,763 - [generated in 0.00012s (insertmanyvalues) 1/2 (ordered; batch not supported)] ('Hello world', 9)
2025-11-27 16:49:59,763 - INSERT INTO posts (title, user_id) VALUES (?, ?) RETURNING id
2025-11-27 16:49:59,764 - [insertmanyvalues 2/2 (ordered; batch not supported)] ('My second post', 9)
2025-11-27 16:49:59,765 - COMMIT
2025-11-27 16:49:59,769 - BEGIN (implicit)
2025-11-27 16:49:59,770 - SELECT users.id AS users_id, users.name AS users_name 
FROM users 
WHERE users.id = ?
2025-11-27 16:49:59,770 - [cached since 0.01212s ago] (9,)
2025-11-27 16:49:59,772 - ROLLBACK
2025-11-27 16:50:39,152 - BEGIN (implicit)
2025-11-27 16:50:39,154 - SELECT users.id AS users_id, users.name AS users_name, posts_1.id AS posts_1_id, posts_1.title AS posts_1_title, posts_1.user_id AS posts_1_user_id 
FROM users LEFT OUTER JOIN posts AS posts_1 ON users.id = posts_1.user_id
2025-11-27 16:50:39,154 - [generated in 0.00049s] ()
2025-11-27 16:50:39,156 - ROLLBACK
